[www.indungi.ro/TeamSpeak3/index.html]
[backblue.gif]
[fade.gif]
[index.html]
[www.indungi.ro/TeamSpeak3/css/checkbox/orange.css]
[netdna.bootstrapcdn.com/font-awesome/4.0.3/css/font-awesome.css]
[ajax.googleapis.com/ajax/libs/jquery/1.9.0/jquery.min.js]
[ajax.googleapis.com/ajax/libs/jqueryui/1.10.0/jquery-ui.min.js]
[www.indungi.ro/TeamSpeak3/js/bootstrap.min.js]
[www.indungi.ro/TeamSpeak3/js/jquery.icheck.min.js]
[www.indungi.ro/TeamSpeak3/js/waypoints.min.js]
[www.indungi.ro/TeamSpeak3/js/authenty.js]
[www.indungi.ro/TeamSpeak3/js/preview/jquery.malihu.PageScroll2id.js]
[www.indungi.ro/TeamSpeak3/js/preview/jquery.address-1.6.min.js]
[www.indungi.ro/TeamSpeak3/js/preview/scrollTo.min.js]
[www.indungi.ro/TeamSpeak3/js/preview/init.js]
[www.indungi.ro/TeamSpeak3/index.html]
[www.indungi.ro/TeamSpeak3/fonts/glyphicons-halflings-regular.eot]
[www.indungi.ro/TeamSpeak3/fonts/glyphicons-halflings-regulard41d.eot]
[www.indungi.ro/TeamSpeak3/fonts/glyphicons-halflings-regular.woff]
[www.indungi.ro/TeamSpeak3/fonts/glyphicons-halflings-regular.ttf]
[www.indungi.ro/TeamSpeak3/fonts/glyphicons-halflings-regular.svg]
[www.indungi.ro/TeamSpeak3/css/bootstrap.min.css]
[www.indungi.ro/TeamSpeak3/css/animation.css]
[www.indungi.ro/TeamSpeak3/css/checkbox/orange.html]
[www.indungi.ro/TeamSpeak3/css/preview.css]
[www.indungi.ro/TeamSpeak3/css/authenty.css]
[netdna.bootstrapcdn.com/font-awesome/4.0.3/css/font-awesome.css]
[www.indungi.ro/TeamSpeak3/fonts/glyphicons-halflings-regular.html]
[www.indungi.ro/TeamSpeak3/fonts/glyphicons-halflings-regulard41d.html]
[www.indungi.ro/TeamSpeak3/fonts/glyphicons-halflings-regular-2.html]
[www.indungi.ro/TeamSpeak3/fonts/glyphicons-halflings-regular-3.html]
[www.indungi.ro/TeamSpeak3/fonts/glyphicons-halflings-regular-4.html]
